======================================================================
Testing: investinglive.com/feed/news (current config)
URL: https://investinglive.com/feed/news
======================================================================
Status Code: 200
Content-Type: application/rss+xml; charset=utf-8
Content Length: 96186 bytes
Feed Title: Investinglive RSS Breaking news Feed
Feed Entries: 25
python : Traceback 
(most recent call 
last):
At line:1 char:1
+ python 
test_forexlive_rss.py 
> test_output.txt 2>&1
+ ~~~~~~~~~~~~~~~~~~~~
~~~~~~~~~~~~~~~~~~~~~~
~~~~~~~~~
    + CategoryInfo    
          : NotSpeci  
  fied: (Traceback    
 (most recent call    
 last)::String) [    
], RemoteExceptio    n
    + FullyQualifiedE 
   rrorId : NativeCo  
  mmandError
 
  File "D:\Internal\si
gnals-bot\test_forexli
ve_rss.py", line 32, 
in <module>
    print("\u2705 
Valid RSS Feed!")
  File "C:\Program Fil
es\Python310\lib\encod
ings\cp1252.py", line 
19, in encode
    return codecs.char
map_encode(input,self.
errors,encoding_table)
[0]
UnicodeEncodeError: 
'charmap' codec can't 
encode character 
'\u2705' in position 
0: character maps to 
<undefined>

During handling of 
the above exception, 
another exception 
occurred:

Traceback (most 
recent call last):
  File "D:\Internal\si
gnals-bot\test_forexli
ve_rss.py", line 42, 
in <module>
    print(f"\u274c 
Error: 
{type(e).__name__}: 
{e}")
  File "C:\Program Fil
es\Python310\lib\encod
ings\cp1252.py", line 
19, in encode
    return codecs.char
map_encode(input,self.
errors,encoding_table)
[0]
UnicodeEncodeError: 
'charmap' codec can't 
encode character 
'\u274c' in position 
0: character maps to 
<undefined>
